qsyn> zxmode -On
ZXMODE turn ON!

qsyn> zxprint
ZXMode: ON
-> #Graph: 0

qsyn> zxnew
Successfully generate Graph 0
Checkout to Graph 0

qsyn> zxgtest -g
Generate a 2-qubit CNOT graph for testing

qsyn> zxgprint -v
ID:	0	VertexType:	0	Qubit:	0	#Neighbors:	1	( 2, 0 )  
ID:	1	VertexType:	0	Qubit:	1	#Neighbors:	1	( 3, 0 )  
ID:	2	VertexType:	1	Qubit:	0	#Neighbors:	3	( 0, 0 )  ( 3, 0 )  ( 4, 0 )  
ID:	3	VertexType:	2	Qubit:	1	#Neighbors:	3	( 1, 0 )  ( 2, 0 )  ( 5, 0 )  
ID:	4	VertexType:	0	Qubit:	0	#Neighbors:	1	( 2, 0 )  
ID:	5	VertexType:	0	Qubit:	1	#Neighbors:	1	( 3, 0 )  
Total #Vertices: 6

qsyn> zxgprint -e
( 0, 2 )	Type:	0
( 1, 3 )	Type:	0
( 2, 3 )	Type:	0
( 2, 4 )	Type:	0
( 3, 5 )	Type:	0
Total #Edges: 5

qsyn> zxnew
Successfully generate Graph 1
Checkout to Graph 1

qsyn> zxcheckout 0
Checkout to Graph 0

qsyn> ZXGEdit -rmv 1
Remove ID: 1
  * remove 1 from 3

qsyn> zxgprint
Graph 0
Inputs:        1
Outputs:       2
Vertices:      5
Edges:         4

qsyn> q -f

